# Baseline S3 DataLoader Metrics - ResNet152
# Generated on: 2025-11-09 19:24:21
#
# Performance Summary:
Total S3 Calls: 3000
Total Fetch Time: 195.53s
Total DataLoader Time: 54.64s (82.3%)
Total GPU Time: 11.75s (17.7%)
Total Training Time: 66.39s
Average S3 Fetch Time per Image: 0.065s
S3 Calls per Second: 45.2

# Detailed Metrics:
total_s3_calls: 3000
total_fetch_time: 195.53081250190735
total_dataloader_time: 54.63984942436218
total_gpu_time: 11.752964496612549
total_training_time: 66.39281392097473
avg_fetch_time: 0.06517693750063579
dataloader_percentage: 82.29783646374482
gpu_percentage: 17.702163536255192
s3_calls_per_second: 45.18561306304633

# Analysis:
DataLoader Time: 82.3% (waiting for data)
GPU Time: 17.7% (actual compute)
Bottleneck: 82.3% waiting time
